                 U abort@GLIBC_2.17
                 U clock_gettime@GLIBC_2.17
                 U close@GLIBC_2.17
                 w __cxa_finalize@GLIBC_2.17
                 U __errno_location@GLIBC_2.17
                 U fclose@GLIBC_2.17
                 U fgets@GLIBC_2.17
                 U fopen@GLIBC_2.17
                 U __fprintf_chk@GLIBC_2.17
                 U fwrite@GLIBC_2.17
                 U __getauxval@GLIBC_2.17
                 w __gmon_start__
                 U ioctl@GLIBC_2.17
                 w _ITM_deregisterTMCloneTable
                 w _ITM_registerTMCloneTable
                 U __libc_start_main@GLIBC_2.34
                 U memcpy@GLIBC_2.17
                 U memset@GLIBC_2.17
                 U mmap@GLIBC_2.17
                 U munmap@GLIBC_2.17
                 U open@GLIBC_2.17
                 U __printf_chk@GLIBC_2.17
                 U puts@GLIBC_2.17
                 U __snprintf_chk@GLIBC_2.17
                 U __stack_chk_fail@GLIBC_2.17
                 U __stack_chk_guard@GLIBC_2.17
                 U stderr@GLIBC_2.17
                 U strstr@GLIBC_2.17
                 U usleep@GLIBC_2.17
                 U __vsnprintf_chk@GLIBC_2.17
